Category: 📺央视频道, Name: CCTV-1, Total: 139, Valid: 63, Valid Percent: 45.32%, Whitelist: 0, IPv4: 20, IPv6: 119, Min Delay: 0.1 ms, Max Speed: 34.92 M/s, Avg Speed: 3.58 M/s, Max Resolution: 1920x1080
Category: 📺央视频道, Name: CCTV-2, Total: 154, Valid: 81, Valid Percent: 52.60%, Whitelist: 0, IPv4: 13, IPv6: 141, Min Delay: 0.1 ms, Max Speed: 18.73 M/s, Avg Speed: 1.75 M/s, Max Resolution: 1920x1080
Category: 📺央视频道, Name: CCTV-3, Total: 130, Valid: 61, Valid Percent: 46.92%, Whitelist: 0, IPv4: 7, IPv6: 123, Min Delay: 0.1 ms, Max Speed: 35.54 M/s, Avg Speed: 1.79 M/s, Max Resolution: 1920x1080
Category: 📺央视频道, Name: CCTV-4, Total: 246, Valid: 75, Valid Percent: 30.49%, Whitelist: 0, IPv4: 16, IPv6: 230, Min Delay: 0.1 ms, Max Speed: 19.65 M/s, Avg Speed: 2.22 M/s, Max Resolution: 1920x1080
Category: 📺央视频道, Name: CCTV-5, Total: 199, Valid: 49, Valid Percent: 24.62%, Whitelist: 0, IPv4: 12, IPv6: 187, Min Delay: 0.1 ms, Max Speed: 28.15 M/s, Avg Speed: 3.30 M/s, Max Resolution: 1920x1080
Category: 📺央视频道, Name: CCTV-5+, Total: 59, Valid: 44, Valid Percent: 74.58%, Whitelist: 0, IPv4: 3, IPv6: 56, Min Delay: 0.1 ms, Max Speed: 27.87 M/s, Avg Speed: 1.56 M/s, Max Resolution: 1920x1080
Category: 📺央视频道, Name: CCTV-6, Total: 124, Valid: 48, Valid Percent: 38.71%, Whitelist: 0, IPv4: 13, IPv6: 111, Min Delay: 0.1 ms, Max Speed: 30.22 M/s, Avg Speed: 3.91 M/s, Max Resolution: 1920x1080
Category: 📺央视频道, Name: CCTV-7, Total: 137, Valid: 71, Valid Percent: 51.82%, Whitelist: 0, IPv4: 11, IPv6: 126, Min Delay: 0.1 ms, Max Speed: 29.34 M/s, Avg Speed: 2.58 M/s, Max Resolution: 1920x1080
Category: 📺央视频道, Name: CCTV-8, Total: 134, Valid: 63, Valid Percent: 47.01%, Whitelist: 0, IPv4: 16, IPv6: 118, Min Delay: 0.1 ms, Max Speed: 27.28 M/s, Avg Speed: 4.10 M/s, Max Resolution: 1920x1080
Category: 📺央视频道, Name: CCTV-9, Total: 140, Valid: 67, Valid Percent: 47.86%, Whitelist: 0, IPv4: 8, IPv6: 132, Min Delay: 0.1 ms, Max Speed: 34.55 M/s, Avg Speed: 1.92 M/s, Max Resolution: 1920x1080
Category: 📺央视频道, Name: CCTV-10, Total: 137, Valid: 68, Valid Percent: 49.64%, Whitelist: 0, IPv4: 11, IPv6: 126, Min Delay: 0.1 ms, Max Speed: 31.99 M/s, Avg Speed: 3.49 M/s, Max Resolution: 1920x1080
Category: 📺央视频道, Name: CCTV-11, Total: 146, Valid: 74, Valid Percent: 50.68%, Whitelist: 0, IPv4: 8, IPv6: 138, Min Delay: 0.1 ms, Max Speed: 33.54 M/s, Avg Speed: 2.60 M/s, Max Resolution: 1920x1080
Category: 📺央视频道, Name: CCTV-12, Total: 144, Valid: 73, Valid Percent: 50.69%, Whitelist: 0, IPv4: 9, IPv6: 135, Min Delay: 0.1 ms, Max Speed: 33.11 M/s, Avg Speed: 3.28 M/s, Max Resolution: 1920x1080
Category: 📺央视频道, Name: CCTV-13, Total: 136, Valid: 57, Valid Percent: 41.91%, Whitelist: 0, IPv4: 16, IPv6: 120, Min Delay: 0.1 ms, Max Speed: 34.57 M/s, Avg Speed: 6.70 M/s, Max Resolution: 1920x1080
Category: 📺央视频道, Name: CCTV-14, Total: 121, Valid: 45, Valid Percent: 37.19%, Whitelist: 0, IPv4: 7, IPv6: 114, Min Delay: 0.1 ms, Max Speed: 33.75 M/s, Avg Speed: 3.99 M/s, Max Resolution: 1920x1080
Category: 📺央视频道, Name: CCTV-15, Total: 138, Valid: 69, Valid Percent: 50.00%, Whitelist: 0, IPv4: 6, IPv6: 132, Min Delay: 0.1 ms, Max Speed: 33.91 M/s, Avg Speed: 1.63 M/s, Max Resolution: 1920x1080
Category: 📺央视频道, Name: CCTV-16, Total: 49, Valid: 27, Valid Percent: 55.10%, Whitelist: 0, IPv4: 4, IPv6: 45, Min Delay: 0.1 ms, Max Speed: 31.31 M/s, Avg Speed: 2.34 M/s, Max Resolution: 1920x1080
Category: 📺央视频道, Name: CCTV-17, Total: 126, Valid: 52, Valid Percent: 41.27%, Whitelist: 0, IPv4: 8, IPv6: 118, Min Delay: 0.1 ms, Max Speed: 31.02 M/s, Avg Speed: 3.85 M/s, Max Resolution: 1920x1080
Category: 📺央视频道, Name: CETV-1, Total: 77, Valid: 1, Valid Percent: 1.30%, Whitelist: 0, IPv4: 1, IPv6: 76, Min Delay: 38 ms, Max Speed: 25.78 M/s, Avg Speed: 25.78 M/s, Max Resolution: 1920x1080
Category: 📺央视频道, Name: CETV-2, Total: 69, Valid: 1, Valid Percent: 1.45%, Whitelist: 0, IPv4: 1, IPv6: 68, Min Delay: 37 ms, Max Speed: 28.04 M/s, Avg Speed: 28.04 M/s, Max Resolution: 1920x1080
Category: 📺央视频道, Name: CETV-3, Total: 6, Valid: 0, Valid Percent: 0.00%, Whitelist: 0, IPv4: 0, IPv6: 6, Min Delay: -1 ms, Max Speed: 0.00 M/s, Avg Speed: 0.00 M/s, Max Resolution: None
Category: 📺央视频道, Name: CETV-4, Total: 71, Valid: 2, Valid Percent: 2.82%, Whitelist: 0, IPv4: 2, IPv6: 69, Min Delay: 32 ms, Max Speed: 31.07 M/s, Avg Speed: 15.58 M/s, Max Resolution: 1920x1080
Category: 💰央视付费频道, Name: 文化精品, Total: 3, Valid: 1, Valid Percent: 33.33%, Whitelist: 0, IPv4: 1, IPv6: 2, Min Delay: 462 ms, Max Speed: 10.75 M/s, Avg Speed: 10.75 M/s, Max Resolution: 1920x1080
Category: 💰央视付费频道, Name: 央视台球, Total: 5, Valid: 2, Valid Percent: 40.00%, Whitelist: 0, IPv4: 1, IPv6: 4, Min Delay: 0.1 ms, Max Speed: 4.02 M/s, Avg Speed: 2.01 M/s, Max Resolution: 1920x1080
Category: 💰央视付费频道, Name: 风云音乐, Total: 3, Valid: 1, Valid Percent: 33.33%, Whitelist: 0, IPv4: 1, IPv6: 2, Min Delay: 296 ms, Max Speed: 14.93 M/s, Avg Speed: 14.93 M/s, Max Resolution: 1920x1080
Category: 💰央视付费频道, Name: 第一剧场, Total: 7, Valid: 1, Valid Percent: 14.29%, Whitelist: 0, IPv4: 1, IPv6: 6, Min Delay: 521 ms, Max Speed: 0.12 M/s, Avg Speed: 0.12 M/s, Max Resolution: 1920x1080
Category: 💰央视付费频道, Name: 风云剧场, Total: 4, Valid: 1, Valid Percent: 25.00%, Whitelist: 0, IPv4: 1, IPv6: 3, Min Delay: 360 ms, Max Speed: 14.75 M/s, Avg Speed: 14.75 M/s, Max Resolution: 1920x1080
Category: 💰央视付费频道, Name: 怀旧剧场, Total: 5, Valid: 1, Valid Percent: 20.00%, Whitelist: 0, IPv4: 1, IPv6: 4, Min Delay: 5873 ms, Max Speed: 0.92 M/s, Avg Speed: 0.92 M/s, Max Resolution: 1920x1080
Category: 💰央视付费频道, Name: 女性时尚, Total: 2, Valid: 0, Valid Percent: 0.00%, Whitelist: 0, IPv4: 0, IPv6: 2, Min Delay: -1 ms, Max Speed: 0.00 M/s, Avg Speed: 0.00 M/s, Max Resolution: None
Category: 💰央视付费频道, Name: 高尔夫网球, Total: 3, Valid: 1, Valid Percent: 33.33%, Whitelist: 0, IPv4: 1, IPv6: 2, Min Delay: 451 ms, Max Speed: 10.55 M/s, Avg Speed: 10.55 M/s, Max Resolution: 1920x1080
Category: 💰央视付费频道, Name: 风云足球, Total: 7, Valid: 5, Valid Percent: 71.43%, Whitelist: 0, IPv4: 1, IPv6: 6, Min Delay: 0.1 ms, Max Speed: 3.14 M/s, Avg Speed: 0.63 M/s, Max Resolution: 1920x1080
Category: 💰央视付费频道, Name: 电视指南, Total: 4, Valid: 2, Valid Percent: 50.00%, Whitelist: 0, IPv4: 2, IPv6: 2, Min Delay: 427 ms, Max Speed: 11.44 M/s, Avg Speed: 5.75 M/s, Max Resolution: 1920x1080
Category: 💰央视付费频道, Name: 世界地理, Total: 3, Valid: 2, Valid Percent: 66.67%, Whitelist: 0, IPv4: 1, IPv6: 2, Min Delay: 0.1 ms, Max Speed: 17.87 M/s, Avg Speed: 8.93 M/s, Max Resolution: 1920x1080
Category: 💰央视付费频道, Name: 兵器科技, Total: 4, Valid: 2, Valid Percent: 50.00%, Whitelist: 0, IPv4: 2, IPv6: 2, Min Delay: 278 ms, Max Speed: 17.30 M/s, Avg Speed: 8.67 M/s, Max Resolution: 1920x1080
Category: 📡卫视频道, Name: 广东卫视, Total: 143, Valid: 65, Valid Percent: 45.45%, Whitelist: 0, IPv4: 7, IPv6: 136, Min Delay: 0.1 ms, Max Speed: 32.69 M/s, Avg Speed: 2.30 M/s, Max Resolution: 1920x1080
Category: 📡卫视频道, Name: 香港卫视, Total: 13, Valid: 5, Valid Percent: 38.46%, Whitelist: 0, IPv4: 0, IPv6: 13, Min Delay: 0.1 ms, Max Speed: 0.00 M/s, Avg Speed: 0.00 M/s, Max Resolution: 1920x1080
Category: 📡卫视频道, Name: 浙江卫视, Total: 212, Valid: 85, Valid Percent: 40.09%, Whitelist: 0, IPv4: 17, IPv6: 195, Min Delay: 0.1 ms, Max Speed: 33.34 M/s, Avg Speed: 5.53 M/s, Max Resolution: 1920x1080
Category: 📡卫视频道, Name: 湖南卫视, Total: 157, Valid: 65, Valid Percent: 41.40%, Whitelist: 0, IPv4: 9, IPv6: 148, Min Delay: 0.1 ms, Max Speed: 34.48 M/s, Avg Speed: 2.50 M/s, Max Resolution: 3840x2160
Category: 📡卫视频道, Name: 北京卫视, Total: 148, Valid: 59, Valid Percent: 39.86%, Whitelist: 0, IPv4: 7, IPv6: 141, Min Delay: 0.1 ms, Max Speed: 34.66 M/s, Avg Speed: 2.58 M/s, Max Resolution: 1920x1080
Category: 📡卫视频道, Name: 湖北卫视, Total: 148, Valid: 74, Valid Percent: 50.00%, Whitelist: 0, IPv4: 4, IPv6: 144, Min Delay: 0.1 ms, Max Speed: 31.66 M/s, Avg Speed: 1.27 M/s, Max Resolution: 1920x1080
Category: 📡卫视频道, Name: 黑龙江卫视, Total: 87, Valid: 63, Valid Percent: 72.41%, Whitelist: 0, IPv4: 5, IPv6: 82, Min Delay: 0.1 ms, Max Speed: 29.66 M/s, Avg Speed: 2.00 M/s, Max Resolution: 1920x1080
Category: 📡卫视频道, Name: 安徽卫视, Total: 83, Valid: 61, Valid Percent: 73.49%, Whitelist: 0, IPv4: 3, IPv6: 80, Min Delay: 0.1 ms, Max Speed: 34.61 M/s, Avg Speed: 1.23 M/s, Max Resolution: 1920x1080
Category: 📡卫视频道, Name: 重庆卫视, Total: 80, Valid: 58, Valid Percent: 72.50%, Whitelist: 0, IPv4: 3, IPv6: 77, Min Delay: 0.1 ms, Max Speed: 26.37 M/s, Avg Speed: 0.76 M/s, Max Resolution: 1920x1080
Category: 📡卫视频道, Name: 东方卫视, Total: 149, Valid: 67, Valid Percent: 44.97%, Whitelist: 0, IPv4: 8, IPv6: 141, Min Delay: 0.1 ms, Max Speed: 31.58 M/s, Avg Speed: 2.44 M/s, Max Resolution: 1920x1080
Category: 📡卫视频道, Name: 东南卫视, Total: 71, Valid: 45, Valid Percent: 63.38%, Whitelist: 0, IPv4: 4, IPv6: 67, Min Delay: 0.1 ms, Max Speed: 31.50 M/s, Avg Speed: 2.24 M/s, Max Resolution: 1920x1080
Category: 📡卫视频道, Name: 甘肃卫视, Total: 48, Valid: 28, Valid Percent: 58.33%, Whitelist: 0, IPv4: 4, IPv6: 44, Min Delay: 0.1 ms, Max Speed: 33.49 M/s, Avg Speed: 3.05 M/s, Max Resolution: 1920x1080
Category: 📡卫视频道, Name: 广西卫视, Total: 56, Valid: 39, Valid Percent: 69.64%, Whitelist: 0, IPv4: 5, IPv6: 51, Min Delay: 0.1 ms, Max Speed: 34.57 M/s, Avg Speed: 1.89 M/s, Max Resolution: 1920x1080
Category: 📡卫视频道, Name: 贵州卫视, Total: 62, Valid: 40, Valid Percent: 64.52%, Whitelist: 0, IPv4: 6, IPv6: 56, Min Delay: 0.1 ms, Max Speed: 35.33 M/s, Avg Speed: 3.94 M/s, Max Resolution: 1920x1080
Category: 📡卫视频道, Name: 海南卫视, Total: 168, Valid: 42, Valid Percent: 25.00%, Whitelist: 0, IPv4: 5, IPv6: 163, Min Delay: 0.1 ms, Max Speed: 35.70 M/s, Avg Speed: 3.43 M/s, Max Resolution: 1920x1080
Category: 📡卫视频道, Name: 河北卫视, Total: 70, Valid: 47, Valid Percent: 67.14%, Whitelist: 0, IPv4: 6, IPv6: 64, Min Delay: 0.1 ms, Max Speed: 37.77 M/s, Avg Speed: 3.95 M/s, Max Resolution: 1920x1080
Category: 📡卫视频道, Name: 河南卫视, Total: 132, Valid: 55, Valid Percent: 41.67%, Whitelist: 0, IPv4: 6, IPv6: 126, Min Delay: 0.1 ms, Max Speed: 33.36 M/s, Avg Speed: 3.16 M/s, Max Resolution: 1920x1080
Category: 📡卫视频道, Name: 吉林卫视, Total: 136, Valid: 63, Valid Percent: 46.32%, Whitelist: 0, IPv4: 9, IPv6: 127, Min Delay: 0.1 ms, Max Speed: 31.06 M/s, Avg Speed: 2.51 M/s, Max Resolution: 1920x1080
Category: 📡卫视频道, Name: 江苏卫视, Total: 150, Valid: 74, Valid Percent: 49.33%, Whitelist: 0, IPv4: 11, IPv6: 139, Min Delay: 0.1 ms, Max Speed: 32.26 M/s, Avg Speed: 3.31 M/s, Max Resolution: 1920x1080
Category: 📡卫视频道, Name: 江西卫视, Total: 146, Valid: 70, Valid Percent: 47.95%, Whitelist: 0, IPv4: 6, IPv6: 140, Min Delay: 0.1 ms, Max Speed: 32.94 M/s, Avg Speed: 2.25 M/s, Max Resolution: 1920x1080
Category: 📡卫视频道, Name: 辽宁卫视, Total: 120, Valid: 43, Valid Percent: 35.83%, Whitelist: 0, IPv4: 4, IPv6: 116, Min Delay: 0.1 ms, Max Speed: 31.08 M/s, Avg Speed: 1.54 M/s, Max Resolution: 1920x1080
Category: 📡卫视频道, Name: 内蒙古卫视, Total: 95, Valid: 24, Valid Percent: 25.26%, Whitelist: 0, IPv4: 3, IPv6: 92, Min Delay: 0.1 ms, Max Speed: 36.08 M/s, Avg Speed: 3.89 M/s, Max Resolution: 1920x1080
Category: 📡卫视频道, Name: 宁夏卫视, Total: 69, Valid: 25, Valid Percent: 36.23%, Whitelist: 0, IPv4: 5, IPv6: 64, Min Delay: 0.1 ms, Max Speed: 34.66 M/s, Avg Speed: 4.83 M/s, Max Resolution: 1920x1080
Category: 📡卫视频道, Name: 青海卫视, Total: 104, Valid: 32, Valid Percent: 30.77%, Whitelist: 0, IPv4: 6, IPv6: 98, Min Delay: 0.1 ms, Max Speed: 32.91 M/s, Avg Speed: 4.55 M/s, Max Resolution: 1920x1080
Category: 📡卫视频道, Name: 山东卫视, Total: 69, Valid: 45, Valid Percent: 65.22%, Whitelist: 0, IPv4: 4, IPv6: 65, Min Delay: 0.1 ms, Max Speed: 32.15 M/s, Avg Speed: 2.32 M/s, Max Resolution: 1920x1080
Category: 📡卫视频道, Name: 山西卫视, Total: 34, Valid: 17, Valid Percent: 50.00%, Whitelist: 0, IPv4: 5, IPv6: 29, Min Delay: 0.1 ms, Max Speed: 32.96 M/s, Avg Speed: 7.56 M/s, Max Resolution: 1920x1080
Category: 📡卫视频道, Name: 陕西卫视, Total: 99, Valid: 28, Valid Percent: 28.28%, Whitelist: 0, IPv4: 6, IPv6: 93, Min Delay: 0.1 ms, Max Speed: 33.09 M/s, Avg Speed: 3.98 M/s, Max Resolution: 1920x1080
Category: 📡卫视频道, Name: 四川卫视, Total: 57, Valid: 34, Valid Percent: 59.65%, Whitelist: 0, IPv4: 4, IPv6: 53, Min Delay: 0.1 ms, Max Speed: 30.91 M/s, Avg Speed: 2.80 M/s, Max Resolution: 1920x1080
Category: 📡卫视频道, Name: 深圳卫视, Total: 62, Valid: 38, Valid Percent: 61.29%, Whitelist: 0, IPv4: 5, IPv6: 57, Min Delay: 0.1 ms, Max Speed: 31.96 M/s, Avg Speed: 2.46 M/s, Max Resolution: 1920x1080
Category: 📡卫视频道, Name: 三沙卫视, Total: 75, Valid: 14, Valid Percent: 18.67%, Whitelist: 0, IPv4: 3, IPv6: 72, Min Delay: 0.1 ms, Max Speed: 32.01 M/s, Avg Speed: 6.56 M/s, Max Resolution: 1920x1080
Category: 📡卫视频道, Name: 天津卫视, Total: 64, Valid: 44, Valid Percent: 68.75%, Whitelist: 0, IPv4: 4, IPv6: 60, Min Delay: 0.1 ms, Max Speed: 31.29 M/s, Avg Speed: 1.99 M/s, Max Resolution: 1920x1080
Category: 📡卫视频道, Name: 西藏卫视, Total: 39, Valid: 24, Valid Percent: 61.54%, Whitelist: 0, IPv4: 3, IPv6: 36, Min Delay: 0.1 ms, Max Speed: 28.25 M/s, Avg Speed: 2.71 M/s, Max Resolution: 1920x1080
Category: 📡卫视频道, Name: 新疆卫视, Total: 42, Valid: 24, Valid Percent: 57.14%, Whitelist: 0, IPv4: 3, IPv6: 39, Min Delay: 0.1 ms, Max Speed: 29.11 M/s, Avg Speed: 2.54 M/s, Max Resolution: 1920x1080
Category: 📡卫视频道, Name: 云南卫视, Total: 47, Valid: 28, Valid Percent: 59.57%, Whitelist: 0, IPv4: 4, IPv6: 43, Min Delay: 0.1 ms, Max Speed: 31.87 M/s, Avg Speed: 3.33 M/s, Max Resolution: 1920x1080
Category: ☘️北京频道, Name: 北京卡酷少儿, Total: 63, Valid: 0, Valid Percent: 0.00%, Whitelist: 0, IPv4: 0, IPv6: 63, Min Delay: -1 ms, Max Speed: 0.00 M/s, Avg Speed: 0.00 M/s, Max Resolution: None
Category: ☘️北京频道, Name: 北京新闻, Total: 63, Valid: 10, Valid Percent: 15.87%, Whitelist: 0, IPv4: 1, IPv6: 62, Min Delay: 0.1 ms, Max Speed: 7.39 M/s, Avg Speed: 0.74 M/s, Max Resolution: 1920x1080
Category: ☘️北京频道, Name: 北京生活, Total: 57, Valid: 4, Valid Percent: 7.02%, Whitelist: 0, IPv4: 1, IPv6: 56, Min Delay: 0.1 ms, Max Speed: 0.06 M/s, Avg Speed: 0.01 M/s, Max Resolution: 1920x1080
Category: ☘️北京频道, Name: 北京科教, Total: 1, Valid: 1, Valid Percent: 100.00%, Whitelist: 0, IPv4: 1, IPv6: 0, Min Delay: 5 ms, Max Speed: 33.12 M/s, Avg Speed: 33.12 M/s, Max Resolution: 19x24
Category: ☘️北京频道, Name: 北京财经, Total: 56, Valid: 3, Valid Percent: 5.36%, Whitelist: 0, IPv4: 0, IPv6: 56, Min Delay: 0.1 ms, Max Speed: 0.00 M/s, Avg Speed: 0.00 M/s, Max Resolution: 1920x1080
Category: ☘️北京频道, Name: 北京青年, Total: 1, Valid: 1, Valid Percent: 100.00%, Whitelist: 0, IPv4: 1, IPv6: 0, Min Delay: 5 ms, Max Speed: 39.17 M/s, Avg Speed: 39.17 M/s, Max Resolution: 19x24
Category: ☘️上海频道, Name: 七彩戏剧, Total: 2, Valid: 2, Valid Percent: 100.00%, Whitelist: 0, IPv4: 0, IPv6: 2, Min Delay: 0.1 ms, Max Speed: 0.00 M/s, Avg Speed: 0.00 M/s, Max Resolution: 1920x1080
Category: ☘️上海频道, Name: 上海外语, Total: 3, Valid: 3, Valid Percent: 100.00%, Whitelist: 0, IPv4: 0, IPv6: 3, Min Delay: 0.1 ms, Max Speed: 0.00 M/s, Avg Speed: 0.00 M/s, Max Resolution: 1920x1080
Category: ☘️上海频道, Name: 上海新闻综合, Total: 67, Valid: 2, Valid Percent: 2.99%, Whitelist: 0, IPv4: 1, IPv6: 66, Min Delay: 0.1 ms, Max Speed: 33.47 M/s, Avg Speed: 16.74 M/s, Max Resolution: 1920x1080
Category: ☘️上海频道, Name: 上海第一财经, Total: 59, Valid: 1, Valid Percent: 1.69%, Whitelist: 0, IPv4: 1, IPv6: 58, Min Delay: 29 ms, Max Speed: 35.51 M/s, Avg Speed: 35.51 M/s, Max Resolution: 1920x1080
Category: ☘️上海频道, Name: 上海纪实, Total: 7, Valid: 3, Valid Percent: 42.86%, Whitelist: 0, IPv4: 0, IPv6: 7, Min Delay: 0.1 ms, Max Speed: 0.00 M/s, Avg Speed: 0.00 M/s, Max Resolution: 1920x1080
Category: ☘️上海频道, Name: 上海都市, Total: 68, Valid: 12, Valid Percent: 17.65%, Whitelist: 0, IPv4: 0, IPv6: 68, Min Delay: 0.1 ms, Max Speed: 0.00 M/s, Avg Speed: 0.00 M/s, Max Resolution: 1920x1080
Category: ☘️上海频道, Name: 东方影视, Total: 14, Valid: 8, Valid Percent: 57.14%, Whitelist: 0, IPv4: 0, IPv6: 14, Min Delay: 0.1 ms, Max Speed: 0.00 M/s, Avg Speed: 0.00 M/s, Max Resolution: 1920x1080
Category: ☘️上海频道, Name: 东方财经, Total: 2, Valid: 2, Valid Percent: 100.00%, Whitelist: 0, IPv4: 0, IPv6: 2, Min Delay: 0.1 ms, Max Speed: 0.00 M/s, Avg Speed: 0.00 M/s, Max Resolution: 1920x1080
Category: ☘️上海频道, Name: 全纪实, Total: 1, Valid: 1, Valid Percent: 100.00%, Whitelist: 0, IPv4: 1, IPv6: 0, Min Delay: 10776 ms, Max Speed: 0.18 M/s, Avg Speed: 0.18 M/s, Max Resolution: 1920x1080
Category: ☘️上海频道, Name: 动漫秀场, Total: 19, Valid: 15, Valid Percent: 78.95%, Whitelist: 0, IPv4: 0, IPv6: 19, Min Delay: 0.1 ms, Max Speed: 0.00 M/s, Avg Speed: 0.00 M/s, Max Resolution: 1920x1080
Category: ☘️上海频道, Name: 哈哈炫动, Total: 76, Valid: 19, Valid Percent: 25.00%, Whitelist: 0, IPv4: 0, IPv6: 76, Min Delay: 0.1 ms, Max Speed: 0.00 M/s, Avg Speed: 0.00 M/s, Max Resolution: 1920x1080
Category: ☘️上海频道, Name: 新闻综合, Total: 24, Valid: 17, Valid Percent: 70.83%, Whitelist: 0, IPv4: 2, IPv6: 22, Min Delay: 0.1 ms, Max Speed: 2.41 M/s, Avg Speed: 0.18 M/s, Max Resolution: 1920x1080
Category: ☘️上海频道, Name: 欢笑剧场, Total: 10, Valid: 3, Valid Percent: 30.00%, Whitelist: 0, IPv4: 0, IPv6: 10, Min Delay: 0.1 ms, Max Speed: 0.00 M/s, Avg Speed: 0.00 M/s, Max Resolution: 1920x1080
Category: ☘️上海频道, Name: 法治天地, Total: 9, Valid: 2, Valid Percent: 22.22%, Whitelist: 0, IPv4: 0, IPv6: 9, Min Delay: 0.1 ms, Max Speed: 0.00 M/s, Avg Speed: 0.00 M/s, Max Resolution: 1920x1080
Category: ☘️上海频道, Name: 生活时尚, Total: 10, Valid: 5, Valid Percent: 50.00%, Whitelist: 0, IPv4: 0, IPv6: 10, Min Delay: 0.1 ms, Max Speed: 0.00 M/s, Avg Speed: 0.00 M/s, Max Resolution: 1920x1080
Category: ☘️上海频道, Name: 第一财经, Total: 22, Valid: 18, Valid Percent: 81.82%, Whitelist: 0, IPv4: 1, IPv6: 21, Min Delay: 0.1 ms, Max Speed: 0.07 M/s, Avg Speed: 0.00 M/s, Max Resolution: 1920x1080
Category: ☘️上海频道, Name: 纪实人文, Total: 3, Valid: 0, Valid Percent: 0.00%, Whitelist: 0, IPv4: 0, IPv6: 3, Min Delay: -1 ms, Max Speed: 0.00 M/s, Avg Speed: 0.00 M/s, Max Resolution: None
Category: ☘️上海频道, Name: 都市剧场, Total: 10, Valid: 1, Valid Percent: 10.00%, Whitelist: 0, IPv4: 1, IPv6: 9, Min Delay: 16 ms, Max Speed: 7.06 M/s, Avg Speed: 7.06 M/s, Max Resolution: None
Category: 🌊港·澳·台, Name: 翡翠台, Total: 206, Valid: 17, Valid Percent: 8.25%, Whitelist: 0, IPv4: 0, IPv6: 206, Min Delay: 0.1 ms, Max Speed: 0.00 M/s, Avg Speed: 0.00 M/s, Max Resolution: 1920x1080
Category: 🌊港·澳·台, Name: 明珠台, Total: 104, Valid: 0, Valid Percent: 0.00%, Whitelist: 0, IPv4: 0, IPv6: 104, Min Delay: -1 ms, Max Speed: 0.00 M/s, Avg Speed: 0.00 M/s, Max Resolution: None
Category: 🌊港·澳·台, Name: 凤凰中文, Total: 153, Valid: 20, Valid Percent: 13.07%, Whitelist: 0, IPv4: 1, IPv6: 152, Min Delay: 0.1 ms, Max Speed: 0.16 M/s, Avg Speed: 0.01 M/s, Max Resolution: 1920x1080
Category: 🌊港·澳·台, Name: 凤凰资讯, Total: 166, Valid: 36, Valid Percent: 21.69%, Whitelist: 0, IPv4: 1, IPv6: 165, Min Delay: 0.1 ms, Max Speed: 0.15 M/s, Avg Speed: 0.00 M/s, Max Resolution: 1920x1080
Category: 🌊港·澳·台, Name: 凤凰香港, Total: 136, Valid: 15, Valid Percent: 11.03%, Whitelist: 0, IPv4: 0, IPv6: 136, Min Delay: 0.1 ms, Max Speed: 0.00 M/s, Avg Speed: 0.00 M/s, Max Resolution: 1920x1080
Category: 🌊港·澳·台, Name: 凤凰卫视, Total: 7, Valid: 4, Valid Percent: 57.14%, Whitelist: 0, IPv4: 0, IPv6: 7, Min Delay: 0.1 ms, Max Speed: 0.00 M/s, Avg Speed: 0.00 M/s, Max Resolution: 1920x1080
Category: 🌊港·澳·台, Name: TVBS亚洲, Total: 2, Valid: 1, Valid Percent: 50.00%, Whitelist: 0, IPv4: 0, IPv6: 2, Min Delay: 0.1 ms, Max Speed: 0.00 M/s, Avg Speed: 0.00 M/s, Max Resolution: 1920x1080
Category: 🌊港·澳·台, Name: 香港卫视, Total: 13, Valid: 5, Valid Percent: 38.46%, Whitelist: 0, IPv4: 0, IPv6: 13, Min Delay: 0.1 ms, Max Speed: 0.00 M/s, Avg Speed: 0.00 M/s, Max Resolution: 1920x1080
Category: 🌊港·澳·台, Name: 纬来体育, Total: 8, Valid: 5, Valid Percent: 62.50%, Whitelist: 0, IPv4: 0, IPv6: 8, Min Delay: 0.1 ms, Max Speed: 0.00 M/s, Avg Speed: 0.00 M/s, Max Resolution: 1920x1080
Category: 🌊港·澳·台, Name: 纬来育乐, Total: 20, Valid: 0, Valid Percent: 0.00%, Whitelist: 0, IPv4: 0, IPv6: 20, Min Delay: -1 ms, Max Speed: 0.00 M/s, Avg Speed: 0.00 M/s, Max Resolution: None
Category: 🌊港·澳·台, Name: J2, Total: 2, Valid: 1, Valid Percent: 50.00%, Whitelist: 0, IPv4: 0, IPv6: 2, Min Delay: 0.1 ms, Max Speed: 0.00 M/s, Avg Speed: 0.00 M/s, Max Resolution: 1920x1080
Category: 🌊港·澳·台, Name: Viutv, Total: 1, Valid: 1, Valid Percent: 100.00%, Whitelist: 0, IPv4: 0, IPv6: 1, Min Delay: 0.1 ms, Max Speed: 0.00 M/s, Avg Speed: 0.00 M/s, Max Resolution: 1920x1080
Category: 🌊港·澳·台, Name: 三立台湾, Total: 1, Valid: 1, Valid Percent: 100.00%, Whitelist: 0, IPv4: 0, IPv6: 1, Min Delay: 0.1 ms, Max Speed: 0.00 M/s, Avg Speed: 0.00 M/s, Max Resolution: 1920x1080
Category: 🌊港·澳·台, Name: 无线新闻, Total: 5, Valid: 5, Valid Percent: 100.00%, Whitelist: 0, IPv4: 0, IPv6: 5, Min Delay: 0.1 ms, Max Speed: 0.00 M/s, Avg Speed: 0.00 M/s, Max Resolution: 1920x1080
Category: 🌊港·澳·台, Name: 三立新闻, Total: 9, Valid: 5, Valid Percent: 55.56%, Whitelist: 0, IPv4: 0, IPv6: 9, Min Delay: 0.1 ms, Max Speed: 0.00 M/s, Avg Speed: 0.00 M/s, Max Resolution: 1920x1080
Category: 🌊港·澳·台, Name: 东森综合, Total: 2, Valid: 1, Valid Percent: 50.00%, Whitelist: 0, IPv4: 0, IPv6: 2, Min Delay: 0.1 ms, Max Speed: 0.00 M/s, Avg Speed: 0.00 M/s, Max Resolution: 1920x1080
Category: 🌊港·澳·台, Name: 东森超视, Total: 10, Valid: 5, Valid Percent: 50.00%, Whitelist: 0, IPv4: 0, IPv6: 10, Min Delay: 0.1 ms, Max Speed: 0.00 M/s, Avg Speed: 0.00 M/s, Max Resolution: 1920x1080
Category: 🌊港·澳·台, Name: 东森电影, Total: 6, Valid: 4, Valid Percent: 66.67%, Whitelist: 0, IPv4: 0, IPv6: 6, Min Delay: 0.1 ms, Max Speed: 0.00 M/s, Avg Speed: 0.00 M/s, Max Resolution: 1920x1080
Category: 🌊港·澳·台, Name: Now剧集, Total: 1, Valid: 0, Valid Percent: 0.00%, Whitelist: 0, IPv4: 0, IPv6: 1, Min Delay: -1 ms, Max Speed: 0.00 M/s, Avg Speed: 0.00 M/s, Max Resolution: None
Category: 🌊港·澳·台, Name: Now华剧, Total: 1, Valid: 1, Valid Percent: 100.00%, Whitelist: 0, IPv4: 1, IPv6: 0, Min Delay: 444 ms, Max Speed: 3.96 M/s, Avg Speed: 3.96 M/s, Max Resolution: 864x720
Category: 🌊港·澳·台, Name: 靖天资讯, Total: 24, Valid: 0, Valid Percent: 0.00%, Whitelist: 0, IPv4: 0, IPv6: 24, Min Delay: -1 ms, Max Speed: 0.00 M/s, Avg Speed: 0.00 M/s, Max Resolution: None
Category: 🎬电影频道, Name: CHC家庭影院, Total: 46, Valid: 11, Valid Percent: 23.91%, Whitelist: 0, IPv4: 2, IPv6: 44, Min Delay: 0.1 ms, Max Speed: 34.61 M/s, Avg Speed: 5.89 M/s, Max Resolution: 1920x1080
Category: 🎬电影频道, Name: CHC动作电影, Total: 47, Valid: 19, Valid Percent: 40.43%, Whitelist: 0, IPv4: 2, IPv6: 45, Min Delay: 0.1 ms, Max Speed: 37.41 M/s, Avg Speed: 3.64 M/s, Max Resolution: 1920x1080
Category: 🎬电影频道, Name: CHC高清电影, Total: 6, Valid: 3, Valid Percent: 50.00%, Whitelist: 0, IPv4: 6, IPv6: 0, Min Delay: 10005 ms, Max Speed: 0.07 M/s, Avg Speed: 0.03 M/s, Max Resolution: 1920x1080
Category: 🎬电影频道, Name: 淘剧场, Total: 5, Valid: 2, Valid Percent: 40.00%, Whitelist: 0, IPv4: 0, IPv6: 5, Min Delay: 0.1 ms, Max Speed: 0.00 M/s, Avg Speed: 0.00 M/s, Max Resolution: 1920x1080
Category: 🎬电影频道, Name: 淘娱乐, Total: 5, Valid: 2, Valid Percent: 40.00%, Whitelist: 0, IPv4: 0, IPv6: 5, Min Delay: 0.1 ms, Max Speed: 0.00 M/s, Avg Speed: 0.00 M/s, Max Resolution: 1920x1080
Category: 🎬电影频道, Name: 淘电影, Total: 17, Valid: 17, Valid Percent: 100.00%, Whitelist: 0, IPv4: 0, IPv6: 17, Min Delay: 0.1 ms, Max Speed: 0.00 M/s, Avg Speed: 0.00 M/s, Max Resolution: 1920x1080
Category: 🎬电影频道, Name: NewTV惊悚悬疑, Total: 9, Valid: 1, Valid Percent: 11.11%, Whitelist: 0, IPv4: 0, IPv6: 9, Min Delay: 0.1 ms, Max Speed: 0.00 M/s, Avg Speed: 0.00 M/s, Max Resolution: 1920x1080
Category: 🎬电影频道, Name: NewTV动作电影, Total: 3, Valid: 1, Valid Percent: 33.33%, Whitelist: 0, IPv4: 0, IPv6: 3, Min Delay: 0.1 ms, Max Speed: 0.00 M/s, Avg Speed: 0.00 M/s, Max Resolution: 1920x1080
Category: 🎬电影频道, Name: 黑莓电影, Total: 13, Valid: 9, Valid Percent: 69.23%, Whitelist: 0, IPv4: 0, IPv6: 13, Min Delay: 0.1 ms, Max Speed: 0.00 M/s, Avg Speed: 0.00 M/s, Max Resolution: 1920x1080
Category: 🎬电影频道, Name: 纬来电影, Total: 27, Valid: 0, Valid Percent: 0.00%, Whitelist: 0, IPv4: 0, IPv6: 27, Min Delay: -1 ms, Max Speed: 0.00 M/s, Avg Speed: 0.00 M/s, Max Resolution: None
Category: 🎬电影频道, Name: 靖天映画, Total: 7, Valid: 0, Valid Percent: 0.00%, Whitelist: 0, IPv4: 0, IPv6: 7, Min Delay: -1 ms, Max Speed: 0.00 M/s, Avg Speed: 0.00 M/s, Max Resolution: None
Category: 🎬电影频道, Name: 靖天戏剧, Total: 22, Valid: 1, Valid Percent: 4.55%, Whitelist: 0, IPv4: 0, IPv6: 22, Min Delay: 0.1 ms, Max Speed: 0.00 M/s, Avg Speed: 0.00 M/s, Max Resolution: 1920x1080
Category: 🎬电影频道, Name: 经典电影, Total: 9, Valid: 6, Valid Percent: 66.67%, Whitelist: 0, IPv4: 0, IPv6: 9, Min Delay: 0.1 ms, Max Speed: 0.00 M/s, Avg Speed: 0.00 M/s, Max Resolution: 1920x1080
Category: 🎬电影频道, Name: IPTV经典电影, Total: 1, Valid: 1, Valid Percent: 100.00%, Whitelist: 0, IPv4: 1, IPv6: 0, Min Delay: 26 ms, Max Speed: 16.62 M/s, Avg Speed: 16.62 M/s, Max Resolution: 1920x1080
Category: 🎬电影频道, Name: 天映经典, Total: 32, Valid: 0, Valid Percent: 0.00%, Whitelist: 0, IPv4: 0, IPv6: 32, Min Delay: -1 ms, Max Speed: 0.00 M/s, Avg Speed: 0.00 M/s, Max Resolution: None
Category: 🎬电影频道, Name: 无线星河, Total: 8, Valid: 1, Valid Percent: 12.50%, Whitelist: 0, IPv4: 0, IPv6: 8, Min Delay: 0.1 ms, Max Speed: 0.00 M/s, Avg Speed: 0.00 M/s, Max Resolution: 1920x1080
Category: 🎬电影频道, Name: 星空卫视, Total: 4, Valid: 1, Valid Percent: 25.00%, Whitelist: 0, IPv4: 0, IPv6: 4, Min Delay: 0.1 ms, Max Speed: 0.00 M/s, Avg Speed: 0.00 M/s, Max Resolution: 1920x1080
Category: 🎬电影频道, Name: 东森电影, Total: 6, Valid: 4, Valid Percent: 66.67%, Whitelist: 0, IPv4: 0, IPv6: 6, Min Delay: 0.1 ms, Max Speed: 0.00 M/s, Avg Speed: 0.00 M/s, Max Resolution: 1920x1080
Category: 🎬电影频道, Name: 龙祥电影, Total: 2, Valid: 0, Valid Percent: 0.00%, Whitelist: 0, IPv4: 0, IPv6: 2, Min Delay: -1 ms, Max Speed: 0.00 M/s, Avg Speed: 0.00 M/s, Max Resolution: None
Category: 🎬电影频道, Name: 东森洋片, Total: 23, Valid: 0, Valid Percent: 0.00%, Whitelist: 0, IPv4: 0, IPv6: 23, Min Delay: -1 ms, Max Speed: 0.00 M/s, Avg Speed: 0.00 M/s, Max Resolution: None
Category: 🎬电影频道, Name: 东森超视, Total: 10, Valid: 5, Valid Percent: 50.00%, Whitelist: 0, IPv4: 0, IPv6: 10, Min Delay: 0.1 ms, Max Speed: 0.00 M/s, Avg Speed: 0.00 M/s, Max Resolution: 1920x1080
Category: 🎥咪咕直播, Name: 咪咕直播2, Total: 1, Valid: 1, Valid Percent: 100.00%, Whitelist: 0, IPv4: 0, IPv6: 1, Min Delay: 0.1 ms, Max Speed: 0.00 M/s, Avg Speed: 0.00 M/s, Max Resolution: 1920x1080
Category: 🎥咪咕直播, Name: 咪咕直播3, Total: 1, Valid: 1, Valid Percent: 100.00%, Whitelist: 0, IPv4: 0, IPv6: 1, Min Delay: 0.1 ms, Max Speed: 0.00 M/s, Avg Speed: 0.00 M/s, Max Resolution: 1920x1080
Category: 🎥咪咕直播, Name: 咪咕直播4, Total: 1, Valid: 1, Valid Percent: 100.00%, Whitelist: 0, IPv4: 0, IPv6: 1, Min Delay: 0.1 ms, Max Speed: 0.00 M/s, Avg Speed: 0.00 M/s, Max Resolution: 1920x1080
Category: 🎥咪咕直播, Name: 咪咕直播5, Total: 1, Valid: 1, Valid Percent: 100.00%, Whitelist: 0, IPv4: 0, IPv6: 1, Min Delay: 0.1 ms, Max Speed: 0.00 M/s, Avg Speed: 0.00 M/s, Max Resolution: 1920x1080
Category: 🎥咪咕直播, Name: 咪咕直播6, Total: 1, Valid: 1, Valid Percent: 100.00%, Whitelist: 0, IPv4: 0, IPv6: 1, Min Delay: 0.1 ms, Max Speed: 0.00 M/s, Avg Speed: 0.00 M/s, Max Resolution: 1920x1080
Category: 🎥咪咕直播, Name: 咪咕直播7, Total: 1, Valid: 1, Valid Percent: 100.00%, Whitelist: 0, IPv4: 0, IPv6: 1, Min Delay: 0.1 ms, Max Speed: 0.00 M/s, Avg Speed: 0.00 M/s, Max Resolution: 1920x1080
Category: 🎥咪咕直播, Name: 咪咕直播8, Total: 1, Valid: 1, Valid Percent: 100.00%, Whitelist: 0, IPv4: 0, IPv6: 1, Min Delay: 0.1 ms, Max Speed: 0.00 M/s, Avg Speed: 0.00 M/s, Max Resolution: 1920x1080
Category: 🎥咪咕直播, Name: 咪咕直播9, Total: 1, Valid: 1, Valid Percent: 100.00%, Whitelist: 0, IPv4: 0, IPv6: 1, Min Delay: 0.1 ms, Max Speed: 0.00 M/s, Avg Speed: 0.00 M/s, Max Resolution: 1920x1080
Category: 🎥咪咕直播, Name: 咪咕直播10, Total: 1, Valid: 1, Valid Percent: 100.00%, Whitelist: 0, IPv4: 0, IPv6: 1, Min Delay: 0.1 ms, Max Speed: 0.00 M/s, Avg Speed: 0.00 M/s, Max Resolution: 1920x1080
Category: 🎥咪咕直播, Name: 咪咕直播11, Total: 1, Valid: 1, Valid Percent: 100.00%, Whitelist: 0, IPv4: 0, IPv6: 1, Min Delay: 0.1 ms, Max Speed: 0.00 M/s, Avg Speed: 0.00 M/s, Max Resolution: 1920x1080
Category: 🎥咪咕直播, Name: 咪咕直播12, Total: 1, Valid: 1, Valid Percent: 100.00%, Whitelist: 0, IPv4: 0, IPv6: 1, Min Delay: 0.1 ms, Max Speed: 0.00 M/s, Avg Speed: 0.00 M/s, Max Resolution: 1920x1080
Category: 🎥咪咕直播, Name: 咪咕直播13, Total: 1, Valid: 1, Valid Percent: 100.00%, Whitelist: 0, IPv4: 0, IPv6: 1, Min Delay: 0.1 ms, Max Speed: 0.00 M/s, Avg Speed: 0.00 M/s, Max Resolution: 1920x1080
Category: 🎥咪咕直播, Name: 咪咕直播14, Total: 1, Valid: 1, Valid Percent: 100.00%, Whitelist: 0, IPv4: 0, IPv6: 1, Min Delay: 0.1 ms, Max Speed: 0.00 M/s, Avg Speed: 0.00 M/s, Max Resolution: 1920x1080
Category: 🎥咪咕直播, Name: 咪咕直播15, Total: 1, Valid: 1, Valid Percent: 100.00%, Whitelist: 0, IPv4: 0, IPv6: 1, Min Delay: 0.1 ms, Max Speed: 0.00 M/s, Avg Speed: 0.00 M/s, Max Resolution: 1920x1080
Category: 🎥咪咕直播, Name: 咪咕直播16, Total: 1, Valid: 1, Valid Percent: 100.00%, Whitelist: 0, IPv4: 0, IPv6: 1, Min Delay: 0.1 ms, Max Speed: 0.00 M/s, Avg Speed: 0.00 M/s, Max Resolution: 1920x1080
Category: 🎥咪咕直播, Name: 咪咕直播17, Total: 1, Valid: 1, Valid Percent: 100.00%, Whitelist: 0, IPv4: 0, IPv6: 1, Min Delay: 0.1 ms, Max Speed: 0.00 M/s, Avg Speed: 0.00 M/s, Max Resolution: 1920x1080
Category: 🎥咪咕直播, Name: 咪咕直播18, Total: 1, Valid: 1, Valid Percent: 100.00%, Whitelist: 0, IPv4: 0, IPv6: 1, Min Delay: 0.1 ms, Max Speed: 0.00 M/s, Avg Speed: 0.00 M/s, Max Resolution: 1920x1080
Category: 🎥咪咕直播, Name: 咪咕直播19, Total: 1, Valid: 1, Valid Percent: 100.00%, Whitelist: 0, IPv4: 0, IPv6: 1, Min Delay: 0.1 ms, Max Speed: 0.00 M/s, Avg Speed: 0.00 M/s, Max Resolution: 1920x1080
Category: 🎥咪咕直播, Name: 咪咕直播20, Total: 1, Valid: 1, Valid Percent: 100.00%, Whitelist: 0, IPv4: 0, IPv6: 1, Min Delay: 0.1 ms, Max Speed: 0.00 M/s, Avg Speed: 0.00 M/s, Max Resolution: 1920x1080
Category: 🎥咪咕直播, Name: 咪咕直播21, Total: 1, Valid: 1, Valid Percent: 100.00%, Whitelist: 0, IPv4: 0, IPv6: 1, Min Delay: 0.1 ms, Max Speed: 0.00 M/s, Avg Speed: 0.00 M/s, Max Resolution: 1920x1080
Category: 🎥咪咕直播, Name: 咪咕直播22, Total: 1, Valid: 1, Valid Percent: 100.00%, Whitelist: 0, IPv4: 0, IPv6: 1, Min Delay: 0.1 ms, Max Speed: 0.00 M/s, Avg Speed: 0.00 M/s, Max Resolution: 1920x1080
Category: 🎥咪咕直播, Name: 咪咕直播23, Total: 1, Valid: 1, Valid Percent: 100.00%, Whitelist: 0, IPv4: 0, IPv6: 1, Min Delay: 0.1 ms, Max Speed: 0.00 M/s, Avg Speed: 0.00 M/s, Max Resolution: 1920x1080
Category: 🎥咪咕直播, Name: 咪咕直播24, Total: 1, Valid: 1, Valid Percent: 100.00%, Whitelist: 0, IPv4: 0, IPv6: 1, Min Delay: 0.1 ms, Max Speed: 0.00 M/s, Avg Speed: 0.00 M/s, Max Resolution: 1920x1080
Category: 🎥咪咕直播, Name: 咪咕直播25, Total: 1, Valid: 1, Valid Percent: 100.00%, Whitelist: 0, IPv4: 0, IPv6: 1, Min Delay: 0.1 ms, Max Speed: 0.00 M/s, Avg Speed: 0.00 M/s, Max Resolution: 1920x1080
Category: 🎥咪咕直播, Name: 咪咕直播26, Total: 1, Valid: 1, Valid Percent: 100.00%, Whitelist: 0, IPv4: 0, IPv6: 1, Min Delay: 0.1 ms, Max Speed: 0.00 M/s, Avg Speed: 0.00 M/s, Max Resolution: 1920x1080
Category: 🎥咪咕直播, Name: 咪咕直播27, Total: 1, Valid: 1, Valid Percent: 100.00%, Whitelist: 0, IPv4: 0, IPv6: 1, Min Delay: 0.1 ms, Max Speed: 0.00 M/s, Avg Speed: 0.00 M/s, Max Resolution: 1920x1080
Category: 🎥咪咕直播, Name: 咪咕直播28, Total: 1, Valid: 1, Valid Percent: 100.00%, Whitelist: 0, IPv4: 0, IPv6: 1, Min Delay: 0.1 ms, Max Speed: 0.00 M/s, Avg Speed: 0.00 M/s, Max Resolution: 1920x1080
Category: 🎥咪咕直播, Name: 咪咕直播29, Total: 1, Valid: 1, Valid Percent: 100.00%, Whitelist: 0, IPv4: 0, IPv6: 1, Min Delay: 0.1 ms, Max Speed: 0.00 M/s, Avg Speed: 0.00 M/s, Max Resolution: 1920x1080
Category: 🎥咪咕直播, Name: 咪咕直播30, Total: 1, Valid: 1, Valid Percent: 100.00%, Whitelist: 0, IPv4: 0, IPv6: 1, Min Delay: 0.1 ms, Max Speed: 0.00 M/s, Avg Speed: 0.00 M/s, Max Resolution: 1920x1080
Category: 🎥咪咕直播, Name: 咪咕直播31, Total: 1, Valid: 1, Valid Percent: 100.00%, Whitelist: 0, IPv4: 0, IPv6: 1, Min Delay: 0.1 ms, Max Speed: 0.00 M/s, Avg Speed: 0.00 M/s, Max Resolution: 1920x1080
Category: 🎥咪咕直播, Name: 咪咕直播32, Total: 1, Valid: 1, Valid Percent: 100.00%, Whitelist: 0, IPv4: 0, IPv6: 1, Min Delay: 0.1 ms, Max Speed: 0.00 M/s, Avg Speed: 0.00 M/s, Max Resolution: 1920x1080
Category: 🎥咪咕直播, Name: 咪咕直播33, Total: 1, Valid: 1, Valid Percent: 100.00%, Whitelist: 0, IPv4: 0, IPv6: 1, Min Delay: 0.1 ms, Max Speed: 0.00 M/s, Avg Speed: 0.00 M/s, Max Resolution: 1920x1080
Category: 🎥咪咕直播, Name: 咪咕直播34, Total: 1, Valid: 1, Valid Percent: 100.00%, Whitelist: 0, IPv4: 0, IPv6: 1, Min Delay: 0.1 ms, Max Speed: 0.00 M/s, Avg Speed: 0.00 M/s, Max Resolution: 1920x1080
Category: 🎥咪咕直播, Name: 咪咕直播35, Total: 1, Valid: 1, Valid Percent: 100.00%, Whitelist: 0, IPv4: 0, IPv6: 1, Min Delay: 0.1 ms, Max Speed: 0.00 M/s, Avg Speed: 0.00 M/s, Max Resolution: 1920x1080
Category: 🎥咪咕直播, Name: 咪咕直播36, Total: 1, Valid: 1, Valid Percent: 100.00%, Whitelist: 0, IPv4: 0, IPv6: 1, Min Delay: 0.1 ms, Max Speed: 0.00 M/s, Avg Speed: 0.00 M/s, Max Resolution: 1920x1080
Category: 🎥咪咕直播, Name: 咪咕直播37, Total: 1, Valid: 1, Valid Percent: 100.00%, Whitelist: 0, IPv4: 0, IPv6: 1, Min Delay: 0.1 ms, Max Speed: 0.00 M/s, Avg Speed: 0.00 M/s, Max Resolution: 1920x1080
Category: 🎥咪咕直播, Name: 咪咕直播38, Total: 1, Valid: 1, Valid Percent: 100.00%, Whitelist: 0, IPv4: 0, IPv6: 1, Min Delay: 0.1 ms, Max Speed: 0.00 M/s, Avg Speed: 0.00 M/s, Max Resolution: 1920x1080
Category: 🏀体育频道, Name: CCTV-5, Total: 187, Valid: 37, Valid Percent: 19.79%, Whitelist: 0, IPv4: 0, IPv6: 187, Min Delay: 0.1 ms, Max Speed: 0.00 M/s, Avg Speed: 0.00 M/s, Max Resolution: 1920x1080
Category: 🏀体育频道, Name: CCTV-5+, Total: 56, Valid: 41, Valid Percent: 73.21%, Whitelist: 0, IPv4: 0, IPv6: 56, Min Delay: 0.1 ms, Max Speed: 0.00 M/s, Avg Speed: 0.00 M/s, Max Resolution: 1920x1080
Category: 🏀体育频道, Name: 广东体育, Total: 146, Valid: 9, Valid Percent: 6.16%, Whitelist: 0, IPv4: 0, IPv6: 146, Min Delay: 0.1 ms, Max Speed: 0.00 M/s, Avg Speed: 0.00 M/s, Max Resolution: 1920x1080
Category: 🏀体育频道, Name: 纬来体育, Total: 8, Valid: 5, Valid Percent: 62.50%, Whitelist: 0, IPv4: 0, IPv6: 8, Min Delay: 0.1 ms, Max Speed: 0.00 M/s, Avg Speed: 0.00 M/s, Max Resolution: 1920x1080
Category: 🏀体育频道, Name: 五星体育, Total: 81, Valid: 18, Valid Percent: 22.22%, Whitelist: 0, IPv4: 0, IPv6: 81, Min Delay: 0.1 ms, Max Speed: 0.00 M/s, Avg Speed: 0.00 M/s, Max Resolution: 1920x1080
Category: 🏀体育频道, Name: 劲爆体育, Total: 8, Valid: 8, Valid Percent: 100.00%, Whitelist: 0, IPv4: 0, IPv6: 8, Min Delay: 0.1 ms, Max Speed: 0.00 M/s, Avg Speed: 0.00 M/s, Max Resolution: 1920x1080
Category: 🏀体育频道, Name: 爱体育, Total: 5, Valid: 4, Valid Percent: 80.00%, Whitelist: 0, IPv4: 0, IPv6: 5, Min Delay: 0.1 ms, Max Speed: 0.00 M/s, Avg Speed: 0.00 M/s, Max Resolution: 1920x1080
Category: 🏀体育频道, Name: 超级体育, Total: 7, Valid: 6, Valid Percent: 85.71%, Whitelist: 0, IPv4: 0, IPv6: 7, Min Delay: 0.1 ms, Max Speed: 0.00 M/s, Avg Speed: 0.00 M/s, Max Resolution: 1920x1080
Category: 🏀体育频道, Name: 精品体育, Total: 7, Valid: 5, Valid Percent: 71.43%, Whitelist: 0, IPv4: 0, IPv6: 7, Min Delay: 0.1 ms, Max Speed: 0.00 M/s, Avg Speed: 0.00 M/s, Max Resolution: 1920x1080
Category: 🏀体育频道, Name: 广州竞赛, Total: 22, Valid: 10, Valid Percent: 45.45%, Whitelist: 0, IPv4: 0, IPv6: 22, Min Delay: 0.1 ms, Max Speed: 0.00 M/s, Avg Speed: 0.00 M/s, Max Resolution: 1920x1080
Category: 🏀体育频道, Name: 辽宁体育, Total: 2, Valid: 2, Valid Percent: 100.00%, Whitelist: 0, IPv4: 0, IPv6: 2, Min Delay: 0.1 ms, Max Speed: 0.00 M/s, Avg Speed: 0.00 M/s, Max Resolution: 1920x1080
Category: 🏀体育频道, Name: 山东体育, Total: 13, Valid: 11, Valid Percent: 84.62%, Whitelist: 0, IPv4: 1, IPv6: 12, Min Delay: 0.1 ms, Max Speed: 5.67 M/s, Avg Speed: 0.52 M/s, Max Resolution: 1920x1080
Category: 🏀体育频道, Name: 天津体育, Total: 3, Valid: 3, Valid Percent: 100.00%, Whitelist: 0, IPv4: 3, IPv6: 0, Min Delay: 2224 ms, Max Speed: 1.31 M/s, Avg Speed: 0.46 M/s, Max Resolution: 1920x1080
Category: 🏀体育频道, Name: 江苏体育, Total: 31, Valid: 0, Valid Percent: 0.00%, Whitelist: 0, IPv4: 0, IPv6: 31, Min Delay: -1 ms, Max Speed: 0.00 M/s, Avg Speed: 0.00 M/s, Max Resolution: None
Category: 🏀体育频道, Name: 安徽综艺体育, Total: 5, Valid: 4, Valid Percent: 80.00%, Whitelist: 0, IPv4: 0, IPv6: 5, Min Delay: 0.1 ms, Max Speed: 0.00 M/s, Avg Speed: 0.00 M/s, Max Resolution: 1920x1080
Category: 🏀体育频道, Name: 睛彩篮球, Total: 2, Valid: 1, Valid Percent: 50.00%, Whitelist: 0, IPv4: 0, IPv6: 2, Min Delay: 0.1 ms, Max Speed: 0.00 M/s, Avg Speed: 0.00 M/s, Max Resolution: 1920x1080
Category: 🏀体育频道, Name: 睛彩广场舞, Total: 10, Valid: 0, Valid Percent: 0.00%, Whitelist: 0, IPv4: 0, IPv6: 10, Min Delay: -1 ms, Max Speed: 0.00 M/s, Avg Speed: 0.00 M/s, Max Resolution: None
Category: 🏀体育频道, Name: 风云足球, Total: 6, Valid: 4, Valid Percent: 66.67%, Whitelist: 0, IPv4: 0, IPv6: 6, Min Delay: 0.1 ms, Max Speed: 0.00 M/s, Avg Speed: 0.00 M/s, Max Resolution: 1920x1080
Category: 🏀体育频道, Name: 魅力足球, Total: 13, Valid: 10, Valid Percent: 76.92%, Whitelist: 0, IPv4: 0, IPv6: 13, Min Delay: 0.1 ms, Max Speed: 0.00 M/s, Avg Speed: 0.00 M/s, Max Resolution: 1920x1080
Category: 🏀体育频道, Name: 天元围棋, Total: 1, Valid: 0, Valid Percent: 0.00%, Whitelist: 0, IPv4: 0, IPv6: 1, Min Delay: -1 ms, Max Speed: 0.00 M/s, Avg Speed: 0.00 M/s, Max Resolution: None
Category: 🏀体育频道, Name: 快乐垂钓, Total: 35, Valid: 2, Valid Percent: 5.71%, Whitelist: 0, IPv4: 1, IPv6: 34, Min Delay: 0.1 ms, Max Speed: 17.65 M/s, Avg Speed: 8.82 M/s, Max Resolution: 1920x1080
Category: 🏀体育频道, Name: JJ斗地主, Total: 1, Valid: 0, Valid Percent: 0.00%, Whitelist: 0, IPv4: 0, IPv6: 1, Min Delay: -1 ms, Max Speed: 0.00 M/s, Avg Speed: 0.00 M/s, Max Resolution: None
Category: 🪁动画频道, Name: 卡酷动画, Total: 63, Valid: 0, Valid Percent: 0.00%, Whitelist: 0, IPv4: 0, IPv6: 63, Min Delay: -1 ms, Max Speed: 0.00 M/s, Avg Speed: 0.00 M/s, Max Resolution: None
Category: 🪁动画频道, Name: 动漫秀场, Total: 19, Valid: 15, Valid Percent: 78.95%, Whitelist: 0, IPv4: 0, IPv6: 19, Min Delay: 0.1 ms, Max Speed: 0.00 M/s, Avg Speed: 0.00 M/s, Max Resolution: 1920x1080
Category: 🪁动画频道, Name: 新动漫, Total: 45, Valid: 1, Valid Percent: 2.22%, Whitelist: 0, IPv4: 1, IPv6: 44, Min Delay: 60 ms, Max Speed: 16.30 M/s, Avg Speed: 16.30 M/s, Max Resolution: 1920x1080
Category: 🪁动画频道, Name: 青春动漫, Total: 2, Valid: 2, Valid Percent: 100.00%, Whitelist: 0, IPv4: 0, IPv6: 2, Min Delay: 0.1 ms, Max Speed: 0.00 M/s, Avg Speed: 0.00 M/s, Max Resolution: 1920x1080
Category: 🪁动画频道, Name: 爱动漫, Total: 5, Valid: 4, Valid Percent: 80.00%, Whitelist: 0, IPv4: 0, IPv6: 5, Min Delay: 0.1 ms, Max Speed: 0.00 M/s, Avg Speed: 0.00 M/s, Max Resolution: 1920x1080
Category: 🪁动画频道, Name: 宝宝动画, Total: 1, Valid: 1, Valid Percent: 100.00%, Whitelist: 0, IPv4: 0, IPv6: 1, Min Delay: 0.1 ms, Max Speed: 0.00 M/s, Avg Speed: 0.00 M/s, Max Resolution: 1920x1080
Category: 🪁动画频道, Name: CN卡通, Total: 3, Valid: 2, Valid Percent: 66.67%, Whitelist: 0, IPv4: 0, IPv6: 3, Min Delay: 0.1 ms, Max Speed: 0.00 M/s, Avg Speed: 0.00 M/s, Max Resolution: 1920x1080
Category: 🪁动画频道, Name: 优漫卡通, Total: 16, Valid: 12, Valid Percent: 75.00%, Whitelist: 0, IPv4: 0, IPv6: 16, Min Delay: 0.1 ms, Max Speed: 0.00 M/s, Avg Speed: 0.00 M/s, Max Resolution: 1920x1080
Category: 🪁动画频道, Name: 金鹰卡通, Total: 41, Valid: 32, Valid Percent: 78.05%, Whitelist: 0, IPv4: 0, IPv6: 41, Min Delay: 0.1 ms, Max Speed: 0.00 M/s, Avg Speed: 0.00 M/s, Max Resolution: 1920x1080
Category: 🪁动画频道, Name: 黑莓动画, Total: 8, Valid: 6, Valid Percent: 75.00%, Whitelist: 0, IPv4: 0, IPv6: 8, Min Delay: 0.1 ms, Max Speed: 0.00 M/s, Avg Speed: 0.00 M/s, Max Resolution: 1920x1080
Category: 🪁动画频道, Name: 炫动卡通, Total: 61, Valid: 0, Valid Percent: 0.00%, Whitelist: 0, IPv4: 0, IPv6: 61, Min Delay: -1 ms, Max Speed: 0.00 M/s, Avg Speed: 0.00 M/s, Max Resolution: None
Category: 🪁动画频道, Name: 浙江少儿, Total: 15, Valid: 12, Valid Percent: 80.00%, Whitelist: 0, IPv4: 0, IPv6: 15, Min Delay: 0.1 ms, Max Speed: 0.00 M/s, Avg Speed: 0.00 M/s, Max Resolution: 1920x1080
Category: 🪁动画频道, Name: 河北少儿科教, Total: 11, Valid: 8, Valid Percent: 72.73%, Whitelist: 0, IPv4: 0, IPv6: 11, Min Delay: 0.1 ms, Max Speed: 0.00 M/s, Avg Speed: 0.00 M/s, Max Resolution: 1920x1080
Category: 🪁动画频道, Name: 七龙珠, Total: 1, Valid: 0, Valid Percent: 0.00%, Whitelist: 0, IPv4: 0, IPv6: 1, Min Delay: -1 ms, Max Speed: 0.00 M/s, Avg Speed: 0.00 M/s, Max Resolution: None
Category: 🪁动画频道, Name: 火影忍者, Total: 1, Valid: 0, Valid Percent: 0.00%, Whitelist: 0, IPv4: 0, IPv6: 1, Min Delay: -1 ms, Max Speed: 0.00 M/s, Avg Speed: 0.00 M/s, Max Resolution: None
Category: 🪁动画频道, Name: 海绵宝宝, Total: 1, Valid: 1, Valid Percent: 100.00%, Whitelist: 0, IPv4: 0, IPv6: 1, Min Delay: 0.1 ms, Max Speed: 0.00 M/s, Avg Speed: 0.00 M/s, Max Resolution: 1920x1080
Category: 🪁动画频道, Name: 中华小当家, Total: 2, Valid: 2, Valid Percent: 100.00%, Whitelist: 0, IPv4: 0, IPv6: 2, Min Delay: 0.1 ms, Max Speed: 0.00 M/s, Avg Speed: 0.00 M/s, Max Resolution: 1920x1080
Category: 🪁动画频道, Name: 猫和老鼠, Total: 2, Valid: 2, Valid Percent: 100.00%, Whitelist: 0, IPv4: 0, IPv6: 2, Min Delay: 0.1 ms, Max Speed: 0.00 M/s, Avg Speed: 0.00 M/s, Max Resolution: 1920x1080
Category: 🪁动画频道, Name: 经典动漫, Total: 2, Valid: 2, Valid Percent: 100.00%, Whitelist: 0, IPv4: 0, IPv6: 2, Min Delay: 0.1 ms, Max Speed: 0.00 M/s, Avg Speed: 0.00 M/s, Max Resolution: 1920x1080
Category: 🪁动画频道, Name: 蜡笔小新, Total: 1, Valid: 1, Valid Percent: 100.00%, Whitelist: 0, IPv4: 1, IPv6: 0, Min Delay: 58 ms, Max Speed: 8.78 M/s, Avg Speed: 8.78 M/s, Max Resolution: 1920x1080
Category: 🪁动画频道, Name: 漫画解说, Total: 4, Valid: 2, Valid Percent: 50.00%, Whitelist: 0, IPv4: 0, IPv6: 4, Min Delay: 0.1 ms, Max Speed: 0.00 M/s, Avg Speed: 0.00 M/s, Max Resolution: 1920x1080
Category: 🎮游戏频道, Name: 游戏风云, Total: 6, Valid: 6, Valid Percent: 100.00%, Whitelist: 0, IPv4: 0, IPv6: 6, Min Delay: 0.1 ms, Max Speed: 0.00 M/s, Avg Speed: 0.00 M/s, Max Resolution: 1920x1080
Category: 🎮游戏频道, Name: 电竞天堂, Total: 1, Valid: 1, Valid Percent: 100.00%, Whitelist: 0, IPv4: 0, IPv6: 1, Min Delay: 0.1 ms, Max Speed: 0.00 M/s, Avg Speed: 0.00 M/s, Max Resolution: 1920x1080
Category: 🎮游戏频道, Name: 爱电竞, Total: 1, Valid: 1, Valid Percent: 100.00%, Whitelist: 0, IPv4: 0, IPv6: 1, Min Delay: 0.1 ms, Max Speed: 0.00 M/s, Avg Speed: 0.00 M/s, Max Resolution: 1920x1080
Category: 🎵音乐频道, Name: CCTV-15, Total: 132, Valid: 63, Valid Percent: 47.73%, Whitelist: 0, IPv4: 0, IPv6: 132, Min Delay: 0.1 ms, Max Speed: 0.00 M/s, Avg Speed: 0.00 M/s, Max Resolution: 1920x1080
Category: 🎵音乐频道, Name: 风云音乐, Total: 2, Valid: 0, Valid Percent: 0.00%, Whitelist: 0, IPv4: 0, IPv6: 2, Min Delay: -1 ms, Max Speed: 0.00 M/s, Avg Speed: 0.00 M/s, Max Resolution: None
Category: 🎵音乐频道, Name: 音乐现场, Total: 2, Valid: 2, Valid Percent: 100.00%, Whitelist: 0, IPv4: 2, IPv6: 0, Min Delay: 13 ms, Max Speed: 8.19 M/s, Avg Speed: 7.74 M/s, Max Resolution: None
Category: 🎵音乐频道, Name: 音乐之声, Total: 1, Valid: 1, Valid Percent: 100.00%, Whitelist: 0, IPv4: 1, IPv6: 0, Min Delay: 1088 ms, Max Speed: 0.15 M/s, Avg Speed: 0.15 M/s, Max Resolution: None
Category: 🎵音乐频道, Name: 潮流音乐, Total: 1, Valid: 1, Valid Percent: 100.00%, Whitelist: 0, IPv4: 1, IPv6: 0, Min Delay: 10865 ms, Max Speed: 0.02 M/s, Avg Speed: 0.02 M/s, Max Resolution: None
Category: 🎵音乐频道, Name: 音乐广播, Total: 59, Valid: 0, Valid Percent: 0.00%, Whitelist: 0, IPv4: 0, IPv6: 59, Min Delay: -1 ms, Max Speed: 0.00 M/s, Avg Speed: 0.00 M/s, Max Resolution: None
Category: 🏛经典剧场, Name: 笑傲江湖, Total: 3, Valid: 3, Valid Percent: 100.00%, Whitelist: 0, IPv4: 0, IPv6: 3, Min Delay: 0.1 ms, Max Speed: 0.00 M/s, Avg Speed: 0.00 M/s, Max Resolution: 1920x1080
Category: 🏛经典剧场, Name: 天龙八部, Total: 4, Valid: 4, Valid Percent: 100.00%, Whitelist: 0, IPv4: 0, IPv6: 4, Min Delay: 0.1 ms, Max Speed: 0.00 M/s, Avg Speed: 0.00 M/s, Max Resolution: 1920x1080
Category: 🏛经典剧场, Name: 鹿鼎记, Total: 1, Valid: 1, Valid Percent: 100.00%, Whitelist: 0, IPv4: 0, IPv6: 1, Min Delay: 0.1 ms, Max Speed: 0.00 M/s, Avg Speed: 0.00 M/s, Max Resolution: 1920x1080
Category: 🏛经典剧场, Name: 仙剑奇侠传, Total: 1, Valid: 1, Valid Percent: 100.00%, Whitelist: 0, IPv4: 0, IPv6: 1, Min Delay: 0.1 ms, Max Speed: 0.00 M/s, Avg Speed: 0.00 M/s, Max Resolution: 1920x1080
Category: 🏛经典剧场, Name: 西游记, Total: 3, Valid: 0, Valid Percent: 0.00%, Whitelist: 0, IPv4: 0, IPv6: 3, Min Delay: -1 ms, Max Speed: 0.00 M/s, Avg Speed: 0.00 M/s, Max Resolution: None
Category: 🏛经典剧场, Name: 三国演义, Total: 2, Valid: 2, Valid Percent: 100.00%, Whitelist: 0, IPv4: 0, IPv6: 2, Min Delay: 0.1 ms, Max Speed: 0.00 M/s, Avg Speed: 0.00 M/s, Max Resolution: 1920x1080
Category: 🏛经典剧场, Name: 水浒传, Total: 1, Valid: 1, Valid Percent: 100.00%, Whitelist: 0, IPv4: 0, IPv6: 1, Min Delay: 0.1 ms, Max Speed: 0.00 M/s, Avg Speed: 0.00 M/s, Max Resolution: 1920x1080
Category: 🏛经典剧场, Name: 新白娘子传奇, Total: 4, Valid: 4, Valid Percent: 100.00%, Whitelist: 0, IPv4: 0, IPv6: 4, Min Delay: 0.1 ms, Max Speed: 0.00 M/s, Avg Speed: 0.00 M/s, Max Resolution: 1920x1080
Category: 🏛经典剧场, Name: 济公游记, Total: 1, Valid: 1, Valid Percent: 100.00%, Whitelist: 0, IPv4: 0, IPv6: 1, Min Delay: 0.1 ms, Max Speed: 0.00 M/s, Avg Speed: 0.00 M/s, Max Resolution: 1920x1080
Category: 🏛经典剧场, Name: 封神榜, Total: 3, Valid: 3, Valid Percent: 100.00%, Whitelist: 0, IPv4: 0, IPv6: 3, Min Delay: 0.1 ms, Max Speed: 0.00 M/s, Avg Speed: 0.00 M/s, Max Resolution: 1920x1080
Category: 🏛经典剧场, Name: 闯关东, Total: 1, Valid: 1, Valid Percent: 100.00%, Whitelist: 0, IPv4: 1, IPv6: 0, Min Delay: 2074 ms, Max Speed: 0.13 M/s, Avg Speed: 0.13 M/s, Max Resolution: 1280x720
Category: 🏛经典剧场, Name: 上海滩, Total: 2, Valid: 2, Valid Percent: 100.00%, Whitelist: 0, IPv4: 0, IPv6: 2, Min Delay: 0.1 ms, Max Speed: 0.00 M/s, Avg Speed: 0.00 M/s, Max Resolution: 1920x1080
Category: 🏛经典剧场, Name: 射雕英雄传, Total: 1, Valid: 1, Valid Percent: 100.00%, Whitelist: 0, IPv4: 0, IPv6: 1, Min Delay: 0.1 ms, Max Speed: 0.00 M/s, Avg Speed: 0.00 M/s, Max Resolution: 1920x1080
